stm32g4xx_it.c:73:6:NMI_Handler	4	static
stm32g4xx_it.c:88:6:HardFault_Handler	4	static
stm32g4xx_it.c:103:6:MemManage_Handler	4	static
stm32g4xx_it.c:118:6:BusFault_Handler	4	static
stm32g4xx_it.c:133:6:UsageFault_Handler	4	static
stm32g4xx_it.c:148:6:DebugMon_Handler	4	static
stm32g4xx_it.c:168:6:EXTI1_IRQHandler	8	static
stm32g4xx_it.c:182:6:FDCAN1_IT0_IRQHandler	8	static
stm32g4xx_it.c:196:6:TIM1_UP_TIM16_IRQHandler	8	static
stm32g4xx_it.c:210:6:TIM6_DAC_IRQHandler	8	static
stm32g4xx_it.c:224:6:TIM7_IRQHandler	8	static
